# mame_mcp ioport list
PORT	:EEPROM	FIELD	Service Mode
PORT	:P1	FIELD	P1 Left
PORT	:P1	FIELD	P1 Up
PORT	:P1	FIELD	P1 Down
PORT	:P1	FIELD	P1 Button 1
PORT	:P1	FIELD	P1 Right
PORT	:P1	FIELD	Coin 1
PORT	:P1	FIELD	P1 Button 2
PORT	:P2	FIELD	P2 Up
PORT	:P2	FIELD	P2 Down
PORT	:P2	FIELD	Coin 2
PORT	:P2	FIELD	P2 Right
PORT	:P2	FIELD	P2 Button 2
PORT	:P2	FIELD	P2 Left
PORT	:P2	FIELD	P2 Button 1
PORT	:P3	FIELD	P3 Down
PORT	:P3	FIELD	Coin 3
PORT	:P3	FIELD	P3 Up
PORT	:P3	FIELD	P3 Button 2
PORT	:P3	FIELD	P3 Left
PORT	:P3	FIELD	P3 Button 1
PORT	:P3	FIELD	P3 Right
PORT	:P4	FIELD	P4 Down
PORT	:P4	FIELD	P4 Button 2
PORT	:P4	FIELD	P4 Up
PORT	:P4	FIELD	P4 Left
PORT	:P4	FIELD	Coin 4
PORT	:P4	FIELD	P4 Right
PORT	:P4	FIELD	P4 Button 1
PORT	:SERVICE	FIELD	Service 4
PORT	:SERVICE	FIELD	Service 3
PORT	:SERVICE	FIELD	Service 1
PORT	:SERVICE	FIELD	Service 2
